warning: variable 'zp_unused' ($00) is unused (unused.s)
